{
	"entireColumnTypes" : [null, "Date", null, "Number", null, null, null],
	"headerGuesses" : {
		"date" : 1,
		"amount" : 3,
		"balance" : null,
		"description" : 5
	}
}
