{
	"entireRowTypes" : [null, "Date", "Number", null, null, null, "Number", null, null, null, null, null, null, null, null, null, null, null, "Number"],
	"headerGuesses" : {
		"date" : 1,
		"amount" : 2,
		"balance" : 6,
		"description" : 4
	}
}
